1 200000
25
6 0.75 49.25 -1 0 0
6 49.25 49.25 -1 0 0
5 25.25 48.75 -1 0 0
7 25.25 37.25 -1 0 0
1 25.25 34.75 49 0 0
2 22.25 31.75 49 0 0
2 28.25 31.75 49 0 0
3 18.25 28.25 49 0 0
3 32.25 28.25 49 0 0
5 0.75 24.75 -1 0 0
8 12.75 24.75 -1 0 0
1 15.25 24.75 49 0 0
4 25.25 24.75 -1 0 0
1 35.25 24.75 49 0 0
8 37.75 24.75 -1 0 0
5 49.25 24.75 -1 0 0
3 18.25 21.25 49 0 0
3 32.25 21.25 49 0 0
2 22.25 17.75 49 0 0
2 28.25 17.75 49 0 0
1 25.25 14.75 49 0 0
7 25.25 12.25 -1 0 0
6 0.75 0.75 -1 0 0
5 25.25 0.75 -1 0 0
6 49.25 0.75 -1 0 0
-1 0 0 0 0 0 0 0 25.25 38.75
-1 0 0 0 0 0 0 0 25.25 36.75
-1 0 0 0 0 0 0 0 25.25 34.25
-1 0 0 0 0 0 0 0 25.25 29.25
