1 200000
31
1 1.25 48.75 49 0 0
2 3.25 48.75 49 0 0
4 5.25 48.75 -1 0 0
2 22.25 48.75 49 0 0
3 27.75 48.75 49 0 0
5 44.75 48.75 -1 0 0
3 46.75 48.75 49 0 0
1 48.75 48.75 49 0 0
6 24.75 39.75 -1 0 0
2 9.25 34.25 49 0 0
5 13.25 34.25 -1 0 0
4 36.75 34.25 -1 0 0
3 40.75 34.25 49 0 0
1 24.75 31.75 49 0 0
7 17.25 25.25 -1 0 0
8 24.75 25.25 -1 0 0
7 32.25 25.25 -1 0 0
1 24.75 18.75 49 0 0
2 9.25 16.25 49 0 0
5 13.25 16.25 -1 0 0
4 36.75 16.25 -1 0 0
3 40.75 16.25 49 0 0
6 24.75 10.75 -1 0 0
1 1.25 1.25 49 0 0
2 3.25 1.25 49 0 0
4 5.25 1.25 -1 0 0
2 22.25 1.25 49 0 0
3 27.75 1.25 49 0 0
5 44.75 1.25 -1 0 0
3 46.75 1.25 49 0 0
1 48.75 1.25 49 0 0
-1 0 0 0 0 0 0 0 24.75 38.75
-1 0 0 0 0 0 0 0 24.75 36.75
-1 0 0 0 0 0 0 0 24.75 34.25
-1 0 0 0 0 0 0 0 24.75 29.25
